example_docs/doc08.txt
example_docs/doc18.txt
example_docs/doc20.txt